Microchip MPLAB XC8 Compiler V2.41

Linker command line:

-W-3 \
  --edf=C:/Users/juddf/.mchp_packs/Microchip/PIC18F-Q_DFP/1.25.433/xc8\pic\dat\20240223164052_en.msgs \
  -cn -h+dist/default/production\HVPS.X.production.sym \
  --cmf=dist/default/production\HVPS.X.production.cmf -z -Q18F46Q71 \
  -oC:\Users\juddf\AppData\Local\Temp\xcAsgv8.\driver_tmp_3.o \
  --defsym=__MPLAB_BUILD=1 --fixupoverflow=error \
  -Mdist/default/production/HVPS.X.production.map \
  --md=C:\Users\juddf\AppData\Local\Temp\xcAsgv8.\driver_tmp_0.dat -E1 \
  -ver=XC8 Compiler --acfsm=1493 -ACODE=00h-0FFFFh -ACONST=00h-0FFFFh \
  -ASMALLCONST=01600h-016FFhx234 -AMEDIUMCONST=01600h-0FFFFh \
  -ACOMRAM=0501h-055Fh -AABS1=0500h-014FFh -ABIGRAM=0501h-014FFh \
  -ARAM=0560h-05FFh,0600h-06FFhx15 -ABANK5=0560h-05FFh -ABANK6=0600h-06FFh \
  -ABANK7=0700h-07FFh -ABANK8=0800h-08FFh -ABANK9=0900h-09FFh \
  -ABANK10=0A00h-0AFFh -ABANK11=0B00h-0BFFh -ABANK12=0C00h-0CFFh \
  -ABANK13=0D00h-0DFFh -ABANK14=0E00h-0EFFh -ABANK15=0F00h-0FFFh \
  -ABANK16=01000h-010FFh -ABANK17=01100h-011FFh -ABANK18=01200h-012FFh \
  -ABANK19=01300h-013FFh -ABANK20=01400h-014FFh \
  -ASFR=00h-0FFhx4,0400h-045Fh,0460h-04FFh,01500h-015FFh \
  -ABIGSFR=00h-04FFh,01500h-015FFh -ACONFIG=0300000h-030000Bh \
  -AIDLOC=0200000h-020003Fh -AEEDATA=0380000h-03800FFh -peeprom_data=EEDATA \
  -preset_vec=00h -ppowerup=CODE,init -pramtop=01600h \
  -psmallconst=SMALLCONST -pmediumconst=MEDIUMCONST -pconst=CONST \
  -AFARRAM=00h-00h \
  -prdata=COMRAM,nvrram=COMRAM,nvbit=COMRAM,rbss=COMRAM,rbit=COMRAM \
  -pfarbss=FARRAM,fardata=FARRAM,nvFARRAM=FARRAM \
  -pintsave_regs=BIGRAM,bigbss=BIGRAM,bigdata=BIGRAM -pbss=RAM \
  -pidata=CODE,irdata=CODE,ibigdata=CODE,ifardata=CODE -prparam=COMRAM \
  C:\Users\juddf\AppData\Local\Temp\xcAsgv8.\driver_tmp_9.o \
  dist/default/production\HVPS.X.production.o 

Object code version is 3.11

Machine type is 18F46Q71



                Name                               Link     Load   Length Selector   Space Scale
C:\Users\juddf\AppData\Local\Temp\xcAsgv8.\driver_tmp_9.o
                config                           300000   300000        B        0       4
                init                               FFFC     FFFC        4     7FFE       0
                reset_vec                             0        0        4        0       0
dist/default/production\HVPS.X.production.o
                config                           300000   300000        B        0       4
                text8                              FEC2     FEC2       34     7F61       0
                text7                              FEA0     FEA0       22     7F50       0
                text6                              FE5A     FE5A        A     7F2D       0
                text5                              FE64     FE64        A     7F32       0
                text4                              FE6E     FE6E        A     7F37       0
                text3                              FEF6     FEF6       34     7F7B       0
                text2                              FF2A     FF2A       D2     7F95       0
                text1                              FE8E     FE8E       12     7F47       0
                text0                              FE82     FE82        C     7F41       0
                cstackCOMRAM                        507      507        2      501       1
                cinit                              FE78     FE78        A     7F3C       0
                nvCOMRAM                            501      501        6      501       1

TOTAL           Name                               Link     Load   Length     Space
        CLASS   CODE           
                init                               FFFC     FFFC        4         0
                reset_vec                             0        0        4         0
                text8                              FEC2     FEC2       34         0
                text7                              FEA0     FEA0       22         0
                text6                              FE5A     FE5A        A         0
                text5                              FE64     FE64        A         0
                text4                              FE6E     FE6E        A         0
                text3                              FEF6     FEF6       34         0
                text2                              FF2A     FF2A       D2         0
                text1                              FE8E     FE8E       12         0
                text0                              FE82     FE82        C         0
                cinit                              FE78     FE78        A         0

        CLASS   CONST          

        CLASS   SMALLCONST     

        CLASS   MEDIUMCONST    

        CLASS   COMRAM         
                cstackCOMRAM                        507      507        2         1
                nvCOMRAM                            501      501        6         1

        CLASS   ABS1           

        CLASS   BIGRAM         

        CLASS   RAM            

        CLASS   BANK5          

        CLASS   BANK6          

        CLASS   BANK7          

        CLASS   BANK8          

        CLASS   BANK9          

        CLASS   BANK10         

        CLASS   BANK11         

        CLASS   BANK12         

        CLASS   BANK13         

        CLASS   BANK14         

        CLASS   BANK15         

        CLASS   BANK16         

        CLASS   BANK17         

        CLASS   BANK18         

        CLASS   BANK19         

        CLASS   BANK20         

        CLASS   SFR            

        CLASS   BIGSFR         

        CLASS   CONFIG         
                config                           300000   300000        B         4

        CLASS   IDLOC          

        CLASS   EEDATA         

        CLASS   FARRAM         

        CLASS   HEAP           

        CLASS   STACK          



SEGMENTS        Name                           Load    Length   Top    Selector   Space  Class

                reset_vec                      000000  000004  000004         0       0  CODE    
                nvCOMRAM                       000501  000008  000509       501       1  COMRAM  
                text6                          00FE5A  00000A  00FE64      7F2D       0  CODE    
                text5                          00FE64  00000A  00FE6E      7F32       0  CODE    
                text4                          00FE6E  00000A  00FE78      7F37       0  CODE    
                cinit                          00FE78  00000A  00FE82      7F3C       0  CODE    
                text0                          00FE82  00000C  00FE8E      7F41       0  CODE    
                text1                          00FE8E  000012  00FEA0      7F47       0  CODE    
                text7                          00FEA0  000022  00FEC2      7F50       0  CODE    
                text8                          00FEC2  000034  00FEF6      7F61       0  CODE    
                text3                          00FEF6  000034  00FF2A      7F7B       0  CODE    
                text2                          00FF2A  0000D2  00FFFC      7F95       0  CODE    
                init                           00FFFC  000004  010000      7FFE       0  CODE    


UNUSED ADDRESS RANGES

        Name                Unused          Largest block    Delta
        BANK10           000A00-000AFF              100
        BANK11           000B00-000BFF              100
        BANK12           000C00-000CFF              100
        BANK13           000D00-000DFF              100
        BANK14           000E00-000EFF              100
        BANK15           000F00-000FFF              100
        BANK16           001000-0010FF              100
        BANK17           001100-0011FF              100
        BANK18           001200-0012FF              100
        BANK19           001300-0013FF              100
        BANK20           001400-0014FF              100
        BANK5            000560-0005FF               A0
        BANK6            000600-0006FF              100
        BANK7            000700-0007FF              100
        BANK8            000800-0008FF              100
        BANK9            000900-0009FF              100
        BIGRAM           000509-0014FF              FF7
        BIGSFR           000000-0004FF              500
                         001500-0015FF              100
        CODE             000004-00FE59             FE56
        COMRAM           000509-00055F               57
        CONFIG           30000B-30000B                1
        CONST            000004-00FE59             FE56
        EEDATA           380000-3800FF              100
        IDLOC            200000-20003F               40
        MEDIUMCONST      001600-00FE59             E85A
        RAM              000560-0014FF              100
        SFR              000000-0004FF              100
                         001500-0015FF              100
        SMALLCONST       001600-00FE59              100

                                  Symbol Table

INT0_SetInterruptHandler@InterruptHandler cstackCOMRAM 000507
INT1_SetInterruptHandler@InterruptHandler cstackCOMRAM 000507
INT2_SetInterruptHandler@InterruptHandler cstackCOMRAM 000507
_ACTCON                                   (abs)        0000AC
_ANSELA                                   (abs)        000400
_ANSELB                                   (abs)        000408
_ANSELC                                   (abs)        000410
_ANSELD                                   (abs)        000418
_ANSELE                                   (abs)        000420
_CLC1_Initialize                          text8        00FEC2
_CLCDATA                                  (abs)        0000D4
_CLCDATAbits                              (abs)        0000D4
_CLCIN0PPS                                (abs)        000261
_CLCIN1PPS                                (abs)        000262
_CLCSELECT                                (abs)        0000D5
_CLCnCON                                  (abs)        0000D6
_CLCnCONbits                              (abs)        0000D6
_CLCnGLS0                                 (abs)        0000DC
_CLCnGLS1                                 (abs)        0000DD
_CLCnGLS2                                 (abs)        0000DE
_CLCnGLS3                                 (abs)        0000DF
_CLCnPOL                                  (abs)        0000D7
_CLCnSEL0                                 (abs)        0000D8
_CLCnSEL1                                 (abs)        0000D9
_CLCnSEL2                                 (abs)        0000DA
_CLCnSEL3                                 (abs)        0000DB
_CLOCK_Initialize                         text7        00FEA0
_FSCMCON                                  (abs)        000458
_INLVLA                                   (abs)        000404
_INLVLB                                   (abs)        00040C
_INLVLC                                   (abs)        000414
_INLVLD                                   (abs)        00041C
_INLVLE                                   (abs)        000424
_INT0_DefaultInterruptHandler             (abs)        000000
_INT0_InterruptHandler                    nvCOMRAM     000505
_INT0_SetInterruptHandler                 text6        00FE5A
_INT1_DefaultInterruptHandler             (abs)        000000
_INT1_InterruptHandler                    nvCOMRAM     000503
_INT1_SetInterruptHandler                 text5        00FE64
_INT2_DefaultInterruptHandler             (abs)        000000
_INT2_InterruptHandler                    nvCOMRAM     000501
_INT2_SetInterruptHandler                 text4        00FE6E
_INTCON0bits                              (abs)        0004D6
_INTERRUPT_Initialize                     text3        00FEF6
_IOCAF                                    (abs)        000407
_IOCAN                                    (abs)        000406
_IOCAP                                    (abs)        000405
_IOCBF                                    (abs)        00040F
_IOCBN                                    (abs)        00040E
_IOCBP                                    (abs)        00040D
_IOCCF                                    (abs)        000417
_IOCCN                                    (abs)        000416
_IOCCP                                    (abs)        000415
_IOCEF                                    (abs)        000427
_IOCEN                                    (abs)        000426
_IOCEP                                    (abs)        000425
_IOCWF                                    (abs)        00043F
_IOCWN                                    (abs)        00043E
_IOCWP                                    (abs)        00043D
_LATA                                     (abs)        000140
_LATB                                     (abs)        000141
_LATC                                     (abs)        000142
_LATD                                     (abs)        000143
_LATE                                     (abs)        000144
_ODCONA                                   (abs)        000402
_ODCONB                                   (abs)        00040A
_ODCONC                                   (abs)        000412
_ODCOND                                   (abs)        00041A
_ODCONE                                   (abs)        000422
_OSCCON1                                  (abs)        0000AD
_OSCCON3                                  (abs)        0000AF
_OSCEN                                    (abs)        0000B3
_OSCFRQ                                   (abs)        0000B1
_OSCTUNE                                  (abs)        0000B0
_PIN_MANAGER_Initialize                   text2        00FF2A
_PIR10bits                                (abs)        0004BC
_PIR1bits                                 (abs)        0004B3
_PIR6bits                                 (abs)        0004B8
_RA2PPS                                   (abs)        000203
_RB1I2C                                   (abs)        000286
_RB2I2C                                   (abs)        000285
_RC3I2C                                   (abs)        000288
_RC4I2C                                   (abs)        000287
_SLRCONA                                  (abs)        000403
_SLRCONB                                  (abs)        00040B
_SLRCONC                                  (abs)        000413
_SLRCOND                                  (abs)        00041B
_SLRCONE                                  (abs)        000423
_SYSTEM_Initialize                        text1        00FE8E
_TRISA                                    (abs)        000148
_TRISB                                    (abs)        000149
_TRISC                                    (abs)        00014A
_TRISD                                    (abs)        00014B
_TRISE                                    (abs)        00014C
_WPUA                                     (abs)        000401
_WPUB                                     (abs)        000409
_WPUC                                     (abs)        000411
_WPUD                                     (abs)        000419
_WPUE                                     (abs)        000421
__HRAM                                    (abs)        000000
__H__absolute__                           __absolute__ 000000
__Habs1                                   abs1         000000
__Hbank10                                 bank10       000000
__Hbank11                                 bank11       000000
__Hbank12                                 bank12       000000
__Hbank13                                 bank13       000000
__Hbank14                                 bank14       000000
__Hbank15                                 bank15       000000
__Hbank16                                 bank16       000000
__Hbank17                                 bank17       000000
__Hbank18                                 bank18       000000
__Hbank19                                 bank19       000000
__Hbank20                                 bank20       000000
__Hbank5                                  bank5        000000
__Hbank6                                  bank6        000000
__Hbank7                                  bank7        000000
__Hbank8                                  bank8        000000
__Hbank9                                  bank9        000000
__Hbigbss                                 bigbss       000000
__Hbigdata                                bigdata      000000
__Hbigram                                 bigram       000000
__Hbigsfr                                 bigsfr       000000
__Hbss                                    bss          000000
__Hcinit                                  cinit        000000
__Hclrtext                                clrtext      000000
__Hcomram                                 comram       000000
__Hconfig                                 config       30000B
__Hconst                                  const        000000
__HcstackCOMRAM                           cstackCOMRAM 000000
__Hdata                                   data         000000
__Heeprom_data                            eeprom_data  000000
__Hfarbss                                 farbss       000000
__Hfardata                                fardata      000000
__Hheap                                   heap         000000
__Hibigdata                               ibigdata     000000
__Hidata                                  idata        000000
__Hidloc                                  idloc        000000
__Hifardata                               ifardata     000000
__Hinit                                   init         010000
__Hintsave_regs                           intsave_regs 000000
__Hirdata                                 irdata       000000
__Hmediumconst                            mediumconst  000000
__HnvCOMRAM                               nvCOMRAM     000000
__HnvFARRAM                               nvFARRAM     000000
__Hnvbit                                  nvbit        000000
__Hnvrram                                 nvrram       000000
__Hparam                                  rparam       000000
__Hpowerup                                powerup      000000
__Hram                                    ram          000000
__Hramtop                                 ramtop       001600
__Hrbit                                   rbit         000000
__Hrbss                                   rbss         000000
__Hrdata                                  rdata        000000
__Hreset_vec                              reset_vec    000004
__Hrparam                                 rparam       000000
__Hsfr                                    sfr          000000
__Hsmallconst                             smallconst   000000
__Hspace_0                                (abs)        010000
__Hspace_1                                (abs)        000509
__Hspace_2                                (abs)        000000
__Hspace_4                                (abs)        60000B
__Hstack                                  stack        000000
__Hstruct                                 struct       000000
__Htemp                                   temp         000000
__Htext                                   text         000000
__Htext0                                  text0        000000
__Htext1                                  text1        000000
__Htext2                                  text2        000000
__Htext3                                  text3        000000
__Htext4                                  text4        000000
__Htext5                                  text5        000000
__Htext6                                  text6        000000
__Htext7                                  text7        000000
__Htext8                                  text8        000000
__LRAM                                    (abs)        000001
__L__absolute__                           __absolute__ 000000
__Labs1                                   abs1         000000
__Lbank10                                 bank10       000000
__Lbank11                                 bank11       000000
__Lbank12                                 bank12       000000
__Lbank13                                 bank13       000000
__Lbank14                                 bank14       000000
__Lbank15                                 bank15       000000
__Lbank16                                 bank16       000000
__Lbank17                                 bank17       000000
__Lbank18                                 bank18       000000
__Lbank19                                 bank19       000000
__Lbank20                                 bank20       000000
__Lbank5                                  bank5        000000
__Lbank6                                  bank6        000000
__Lbank7                                  bank7        000000
__Lbank8                                  bank8        000000
__Lbank9                                  bank9        000000
__Lbigbss                                 bigbss       000000
__Lbigdata                                bigdata      000000
__Lbigram                                 bigram       000000
__Lbigsfr                                 bigsfr       000000
__Lbss                                    bss          000000
__Lcinit                                  cinit        000000
__Lclrtext                                clrtext      000000
__Lcomram                                 comram       000000
__Lconfig                                 config       000000
__Lconst                                  const        000000
__LcstackCOMRAM                           cstackCOMRAM 000000
__Ldata                                   data         000000
__Leeprom_data                            eeprom_data  000000
__Lfarbss                                 farbss       000000
__Lfardata                                fardata      000000
__Lheap                                   heap         000000
__Libigdata                               ibigdata     000000
__Lidata                                  idata        000000
__Lidloc                                  idloc        000000
__Lifardata                               ifardata     000000
__Linit                                   init         00FFFC
__Lintsave_regs                           intsave_regs 000000
__Lirdata                                 irdata       000000
__Lmediumconst                            mediumconst  000000
__LnvCOMRAM                               nvCOMRAM     000000
__LnvFARRAM                               nvFARRAM     000000
__Lnvbit                                  nvbit        000000
__Lnvrram                                 nvrram       000000
__Lparam                                  rparam       000000
__Lpowerup                                powerup      000000
__Lram                                    ram          000000
__Lramtop                                 ramtop       001600
__Lrbit                                   rbit         000000
__Lrbss                                   rbss         000000
__Lrdata                                  rdata        000000
__Lreset_vec                              reset_vec    000000
__Lrparam                                 rparam       000000
__Lsfr                                    sfr          000000
__Lsmallconst                             smallconst   000000
__Lspace_0                                (abs)        000000
__Lspace_1                                (abs)        000000
__Lspace_2                                (abs)        000000
__Lspace_4                                (abs)        000000
__Lstack                                  stack        000000
__Lstruct                                 struct       000000
__Ltemp                                   temp         000000
__Ltext                                   text         000000
__Ltext0                                  text0        000000
__Ltext1                                  text1        000000
__Ltext2                                  text2        000000
__Ltext3                                  text3        000000
__Ltext4                                  text4        000000
__Ltext5                                  text5        000000
__Ltext6                                  text6        000000
__Ltext7                                  text7        000000
__Ltext8                                  text8        000000
__S0                                      (abs)        010000
__S1                                      (abs)        000509
__S4                                      (abs)        000000
__S5                                      (abs)        000000
___heap_hi                                (abs)        000000
___heap_lo                                (abs)        000000
___inthi_sp                               stack        000000
___intlo_sp                               stack        000000
___param_bank                             (abs)        000000
___rparam_used                            (abs)        000001
___sp                                     stack        000000
__accesstop                               (abs)        000560
__activetblptr                            (abs)        000002
__end_of_CLC1_Initialize                  text8        00FEF6
__end_of_CLOCK_Initialize                 text7        00FEC2
__end_of_INT0_SetInterruptHandler         text6        00FE64
__end_of_INT1_SetInterruptHandler         text5        00FE6E
__end_of_INT2_SetInterruptHandler         text4        00FE78
__end_of_INTERRUPT_Initialize             text3        00FF2A
__end_of_PIN_MANAGER_Initialize           text2        00FFFC
__end_of_SYSTEM_Initialize                text1        00FEA0
__end_of__initialization                  cinit        00FE78
__end_of_main                             text0        00FE8E
__initialization                          cinit        00FE78
__mediumconst                             mediumconst  000000
__pcinit                                  cinit        00FE78
__pcstackCOMRAM                           cstackCOMRAM 000507
__pnvCOMRAM                               nvCOMRAM     000501
__ptext0                                  text0        00FE82
__ptext1                                  text1        00FE8E
__ptext2                                  text2        00FF2A
__ptext3                                  text3        00FEF6
__ptext4                                  text4        00FE6E
__ptext5                                  text5        00FE64
__ptext6                                  text6        00FE5A
__ptext7                                  text7        00FEA0
__ptext8                                  text8        00FEC2
__ramtop                                  ramtop       001600
__smallconst                              smallconst   000000
_main                                     text0        00FE82
end_of_initialization                     cinit        00FE78
intlevel0                                 text         000000
intlevel1                                 text         000000
intlevel2                                 text         000000
intlevel3                                 text         000000
isa$std                                   (abs)        000001
isa$xinst                                 (abs)        000000
stackhi                                   (abs)        000000
stacklo                                   (abs)        000000
start                                     init         00FFFC
start_initialization                      cinit        00FE78


MODULE INFORMATION

Module		Function		Class		Link	Load	Size
mcc_generated_files/system/src/interrupt.c
		_INT0_SetInterruptHandler		CODE           	FE5A	0000	10
		_INT1_SetInterruptHandler		CODE           	FE64	0000	10
		_INT2_SetInterruptHandler		CODE           	FE6E	0000	10
		_INTERRUPT_Initialize		CODE           	FEF6	0000	52

mcc_generated_files/system/src/interrupt.c estimated size: 82

mcc_generated_files/clc/src/clc1.c
		_CLC1_Initialize		CODE           	FEC2	0000	52

mcc_generated_files/clc/src/clc1.c estimated size: 52

mcc_generated_files/system/src/pins.c
		_PIN_MANAGER_Initialize		CODE           	FF2A	0000	210

mcc_generated_files/system/src/pins.c estimated size: 210

shared
		__initialization		CODE           	FE78	0000	1

shared estimated size: 1

mcc_generated_files/system/src/clock.c
		_CLOCK_Initialize		CODE           	FEA0	0000	34

mcc_generated_files/system/src/clock.c estimated size: 34

main.c
		_main          		CODE           	FE82	0000	12

main.c estimated size: 12

mcc_generated_files/system/src/system.c
		_SYSTEM_Initialize		CODE           	FE8E	0000	18

mcc_generated_files/system/src/system.c estimated size: 18

