Microchip MPLAB XC8 Compiler V2.41

Linker command line:

-W-3 \
  --edf=C:/Users/juddf/.mchp_packs/Microchip/PIC18F-Q_DFP/1.25.433/xc8\pic\dat\20240223164052_en.msgs \
  -cn -h+dist/default/debug\MPLABX.X.debug.sym \
  --cmf=dist/default/debug\MPLABX.X.debug.cmf -z -Q18F56Q71 \
  -oC:\Users\juddf\AppData\Local\Temp\xcAsrd0.\driver_tmp_3.o \
  --defsym=__MPLAB_BUILD=1 --fixupoverflow=error \
  -Mdist/default/debug/MPLABX.X.debug.map \
  --md=C:\Users\juddf\AppData\Local\Temp\xcAsrd0.\driver_tmp_0.dat -E1 \
  -ver=XC8 Compiler --acfsm=1493 -ACODE=00h-0FFFFh -ACONST=00h-0FFFFh \
  -ASMALLCONST=01600h-016FFhx234 -AMEDIUMCONST=01600h-0FFFFh \
  -ACOMRAM=0501h-055Fh -AABS1=0500h-014FFh -ABIGRAM=0501h-014FFh \
  -ARAM=0560h-05FFh,0600h-06FFhx15 -ABANK5=0560h-05FFh -ABANK6=0600h-06FFh \
  -ABANK7=0700h-07FFh -ABANK8=0800h-08FFh -ABANK9=0900h-09FFh \
  -ABANK10=0A00h-0AFFh -ABANK11=0B00h-0BFFh -ABANK12=0C00h-0CFFh \
  -ABANK13=0D00h-0DFFh -ABANK14=0E00h-0EFFh -ABANK15=0F00h-0FFFh \
  -ABANK16=01000h-010FFh -ABANK17=01100h-011FFh -ABANK18=01200h-012FFh \
  -ABANK19=01300h-013FFh -ABANK20=01400h-014FFh \
  -ASFR=00h-0FFhx4,0400h-045Fh,0460h-04FFh,01500h-015FFh \
  -ABIGSFR=00h-04FFh,01500h-015FFh -ACONFIG=0300000h-030000Bh \
  -AIDLOC=0200000h-020003Fh -AEEDATA=0380000h-03800FFh -peeprom_data=EEDATA \
  -preset_vec=00h -ppowerup=CODE,init -pramtop=01600h \
  -psmallconst=SMALLCONST -pmediumconst=MEDIUMCONST -pconst=CONST \
  -AFARRAM=00h-00h \
  -prdata=COMRAM,nvrram=COMRAM,nvbit=COMRAM,rbss=COMRAM,rbit=COMRAM \
  -pfarbss=FARRAM,fardata=FARRAM,nvFARRAM=FARRAM \
  -pintsave_regs=BIGRAM,bigbss=BIGRAM,bigdata=BIGRAM -pbss=RAM \
  -pidata=CODE,irdata=CODE,ibigdata=CODE,ifardata=CODE -prparam=COMRAM \
  C:\Users\juddf\AppData\Local\Temp\xcAsrd0.\driver_tmp_9.o \
  dist/default/debug\MPLABX.X.debug.o 

Object code version is 3.11

Machine type is 18F56Q71



                Name                               Link     Load   Length Selector   Space Scale
C:\Users\juddf\AppData\Local\Temp\xcAsrd0.\driver_tmp_9.o
                config                           300000   300000        B        0       4
                init                               FFFC     FFFC        4     7FFE       0
                reset_vec                             0        0        4        0       0
dist/default/debug\MPLABX.X.debug.o
                config                           300000   300000        B        0       4
                smallconst                         1600     1600        E      B00       0
                text16                             174C     174C       34      B07       0
                text15                             1718     1718       34      B07       0
                text14                             17D2     17D2       22      B07       0
                text13                             1850     1850       1C      B07       0
                text12                             1814     1814       20      B07       0
                text11                             1834     1834       1C      B07       0
                text10                             17F4     17F4       20      B07       0
                text9                              18B2     18B2        8      B07       0
                text8                              18A8     18A8        A      B07       0
                text7                              189E     189E        A      B07       0
                text6                              1894     1894        A      B07       0
                text5                              16E4     16E4       34      B07       0
                text4                              160E     160E       D6      B07       0
                text3                              188A     188A        A      B07       0
                text2                              1780     1780       2C      B07       0
                text1                              17AC     17AC       26      B07       0
                text0                              187E     187E        C      B07       0
                cstackCOMRAM                        50D      50D        2      501       1
                bssCOMRAM                           501      501        C      501       1
                cinit                              186C     186C       12      B07       0

TOTAL           Name                               Link     Load   Length     Space
        CLASS   CODE           
                init                               FFFC     FFFC        4         0
                reset_vec                             0        0        4         0
                text16                             174C     174C       34         0
                text15                             1718     1718       34         0
                text14                             17D2     17D2       22         0
                text13                             1850     1850       1C         0
                text12                             1814     1814       20         0
                text11                             1834     1834       1C         0
                text10                             17F4     17F4       20         0
                text9                              18B2     18B2        8         0
                text8                              18A8     18A8        A         0
                text7                              189E     189E        A         0
                text6                              1894     1894        A         0
                text5                              16E4     16E4       34         0
                text4                              160E     160E       D6         0
                text3                              188A     188A        A         0
                text2                              1780     1780       2C         0
                text1                              17AC     17AC       26         0
                text0                              187E     187E        C         0
                cinit                              186C     186C       12         0

        CLASS   CONST          

        CLASS   SMALLCONST     
                smallconst                         1600     1600        E         0

        CLASS   MEDIUMCONST    

        CLASS   COMRAM         
                cstackCOMRAM                        50D      50D        2         1
                bssCOMRAM                           501      501        C         1

        CLASS   ABS1           

        CLASS   BIGRAM         

        CLASS   RAM            

        CLASS   BANK5          

        CLASS   BANK6          

        CLASS   BANK7          

        CLASS   BANK8          

        CLASS   BANK9          

        CLASS   BANK10         

        CLASS   BANK11         

        CLASS   BANK12         

        CLASS   BANK13         

        CLASS   BANK14         

        CLASS   BANK15         

        CLASS   BANK16         

        CLASS   BANK17         

        CLASS   BANK18         

        CLASS   BANK19         

        CLASS   BANK20         

        CLASS   SFR            

        CLASS   BIGSFR         

        CLASS   CONFIG         
                config                           300000   300000        B         4

        CLASS   IDLOC          

        CLASS   EEDATA         

        CLASS   FARRAM         

        CLASS   HEAP           

        CLASS   STACK          



SEGMENTS        Name                           Load    Length   Top    Selector   Space  Class

                reset_vec                      000000  000004  000004         0       0  CODE    
                bssCOMRAM                      000501  00000E  00050F       501       1  COMRAM  
                smallconst                     001600  00000E  00160E       B00       0  SMALLCON
                text4                          00160E  0002AC  0018BA       B07       0  CODE    
                init                           00FFFC  000004  010000      7FFE       0  CODE    


UNUSED ADDRESS RANGES

        Name                Unused          Largest block    Delta
        BANK10           000A00-000AFF              100
        BANK11           000B00-000BFF              100
        BANK12           000C00-000CFF              100
        BANK13           000D00-000DFF              100
        BANK14           000E00-000EFF              100
        BANK15           000F00-000FFF              100
        BANK16           001000-0010FF              100
        BANK17           001100-0011FF              100
        BANK18           001200-0012FF              100
        BANK19           001300-0013FF              100
        BANK20           001400-0014FF              100
        BANK5            000560-0005FF               A0
        BANK6            000600-0006FF              100
        BANK7            000700-0007FF              100
        BANK8            000800-0008FF              100
        BANK9            000900-0009FF              100
        BIGRAM           00050F-0014FF              FF1
        BIGSFR           000000-0004FF              500
                         001500-0015FF              100
        CODE             000004-0015FF             15FC
                         0018BA-00FFFB             E742
        COMRAM           00050F-00055F               51
        CONFIG           30000B-30000B                1
        CONST            000004-0015FF             15FC
                         0018BA-00FFFB             E742
        EEDATA           380000-3800FF              100
        IDLOC            200000-20003F               40
        MEDIUMCONST      0018BA-00FFFB             E742
        RAM              000560-0014FF              100
        SFR              000000-0004FF              100
                         001500-0015FF              100
        SMALLCONST       0018BA-00FFFB              100

                                  Symbol Table

CMP1_InterruptCallbackRegister@callbackHandler cstackCOMRAM 00050D
CMP2_InterruptCallbackRegister@callbackHandler cstackCOMRAM 00050D
INT0_SetInterruptHandler@InterruptHandler      cstackCOMRAM 00050D
INT1_SetInterruptHandler@InterruptHandler      cstackCOMRAM 00050D
INT2_SetInterruptHandler@InterruptHandler      cstackCOMRAM 00050D
TMR2_OverflowCallbackRegister@InterruptHandler cstackCOMRAM 00050D
_ACTCON                                        (abs)        0000AC
_ANSELA                                        (abs)        000400
_ANSELB                                        (abs)        000408
_ANSELC                                        (abs)        000410
_ANSELD                                        (abs)        000418
_ANSELE                                        (abs)        000420
_ANSELF                                        (abs)        000428
_CLC1_Initialize                               text16       00174C
_CLC2_Initialize                               text15       001718
_CLCDATA                                       (abs)        0000D4
_CLCDATAbits                                   (abs)        0000D4
_CLCSELECT                                     (abs)        0000D5
_CLCnCON                                       (abs)        0000D6
_CLCnCONbits                                   (abs)        0000D6
_CLCnGLS0                                      (abs)        0000DC
_CLCnGLS1                                      (abs)        0000DD
_CLCnGLS2                                      (abs)        0000DE
_CLCnGLS3                                      (abs)        0000DF
_CLCnPOL                                       (abs)        0000D7
_CLCnSEL0                                      (abs)        0000D8
_CLCnSEL1                                      (abs)        0000D9
_CLCnSEL2                                      (abs)        0000DA
_CLCnSEL3                                      (abs)        0000DB
_CLOCK_Initialize                              text14       0017D2
_CM1CON0                                       (abs)        000070
_CM1CON0bits                                   (abs)        000070
_CM1CON1                                       (abs)        000071
_CM1NCH                                        (abs)        000072
_CM1PCH                                        (abs)        000073
_CM2CON0                                       (abs)        000074
_CM2CON0bits                                   (abs)        000074
_CM2CON1                                       (abs)        000075
_CM2NCH                                        (abs)        000076
_CM2PCH                                        (abs)        000077
_CMP1_DefaultInterruptCallback                 (abs)        000000
_CMP1_Initialize                               text12       001814
_CMP1_InterruptCallbackRegister                text13       001850
_CMP1_InterruptHandler                         bssCOMRAM    000509
_CMP2_DefaultInterruptCallback                 (abs)        000000
_CMP2_Initialize                               text10       0017F4
_CMP2_InterruptCallbackRegister                text11       001834
_CMP2_InterruptHandler                         bssCOMRAM    00050B
_FSCMCON                                       (abs)        000458
_FVRCON                                        (abs)        0003D7
_FVRCONbits                                    (abs)        0003D7
_FVR_Initialize                                text9        0018B2
_INLVLA                                        (abs)        000404
_INLVLB                                        (abs)        00040C
_INLVLC                                        (abs)        000414
_INLVLD                                        (abs)        00041C
_INLVLE                                        (abs)        000424
_INLVLF                                        (abs)        00042C
_INT0_DefaultInterruptHandler                  (abs)        000000
_INT0_InterruptHandler                         bssCOMRAM    000507
_INT0_SetInterruptHandler                      text8        0018A8
_INT1_DefaultInterruptHandler                  (abs)        000000
_INT1_InterruptHandler                         bssCOMRAM    000505
_INT1_SetInterruptHandler                      text7        00189E
_INT2_DefaultInterruptHandler                  (abs)        000000
_INT2_InterruptHandler                         bssCOMRAM    000503
_INT2_SetInterruptHandler                      text6        001894
_INTCON0bits                                   (abs)        0004D6
_INTERRUPT_Initialize                          text5        0016E4
_IOCAF                                         (abs)        000407
_IOCAN                                         (abs)        000406
_IOCAP                                         (abs)        000405
_IOCBF                                         (abs)        00040F
_IOCBN                                         (abs)        00040E
_IOCBP                                         (abs)        00040D
_IOCCF                                         (abs)        000417
_IOCCN                                         (abs)        000416
_IOCCP                                         (abs)        000415
_IOCEF                                         (abs)        000427
_IOCEN                                         (abs)        000426
_IOCEP                                         (abs)        000425
_IOCWF                                         (abs)        00043F
_IOCWN                                         (abs)        00043E
_IOCWP                                         (abs)        00043D
_LATA                                          (abs)        000140
_LATB                                          (abs)        000141
_LATC                                          (abs)        000142
_LATD                                          (abs)        000143
_LATE                                          (abs)        000144
_LATF                                          (abs)        000145
_ODCONA                                        (abs)        000402
_ODCONB                                        (abs)        00040A
_ODCONC                                        (abs)        000412
_ODCOND                                        (abs)        00041A
_ODCONE                                        (abs)        000422
_ODCONF                                        (abs)        00042A
_OSCCON1                                       (abs)        0000AD
_OSCCON3                                       (abs)        0000AF
_OSCEN                                         (abs)        0000B3
_OSCFRQ                                        (abs)        0000B1
_OSCTUNE                                       (abs)        0000B0
_PIN_MANAGER_Initialize                        text4        00160E
_PIR10bits                                     (abs)        0004BC
_PIR1bits                                      (abs)        0004B3
_PIR3bits                                      (abs)        0004B5
_PIR5bits                                      (abs)        0004B7
_PIR6bits                                      (abs)        0004B8
_PR2                                           (abs)        00031E
_RB1I2C                                        (abs)        000286
_RB2I2C                                        (abs)        000285
_RC3I2C                                        (abs)        000288
_RC4I2C                                        (abs)        000287
_SLRCONA                                       (abs)        000403
_SLRCONB                                       (abs)        00040B
_SLRCONC                                       (abs)        000413
_SLRCOND                                       (abs)        00041B
_SLRCONE                                       (abs)        000423
_SLRCONF                                       (abs)        00042B
_SYSTEM_Initialize                             text1        0017AC
_T2CLKCON                                      (abs)        000321
_T2CON                                         (abs)        00031F
_T2CONbits                                     (abs)        00031F
_T2HLT                                         (abs)        000320
_T2HLTbits                                     (abs)        000320
_T2PR                                          (abs)        00031E
_T2RST                                         (abs)        000322
_T2RSTbits                                     (abs)        000322
_T2TMR                                         (abs)        00031D
_TMR2                                          (abs)        00031D
_TMR2_DefaultOverflowCallback                  (abs)        000000
_TMR2_Initialize                               text2        001780
_TMR2_OverflowCallback                         bssCOMRAM    000501
_TMR2_OverflowCallbackRegister                 text3        00188A
_TMR2_PeriodCountSet                           (abs)        000000
_TMR2_Start                                    (abs)        000000
_TMR2_Stop                                     (abs)        000000
_TMR2_Tasks                                    (abs)        000000
_TRISA                                         (abs)        000148
_TRISB                                         (abs)        000149
_TRISC                                         (abs)        00014A
_TRISD                                         (abs)        00014B
_TRISE                                         (abs)        00014C
_TRISF                                         (abs)        00014D
_Timer2                                        smallconst   001601
_WPUA                                          (abs)        000401
_WPUB                                          (abs)        000409
_WPUC                                          (abs)        000411
_WPUD                                          (abs)        000419
_WPUE                                          (abs)        000421
_WPUF                                          (abs)        000429
__HRAM                                         (abs)        000000
__H__absolute__                                __absolute__ 000000
__Habs1                                        abs1         000000
__Hbank10                                      bank10       000000
__Hbank11                                      bank11       000000
__Hbank12                                      bank12       000000
__Hbank13                                      bank13       000000
__Hbank14                                      bank14       000000
__Hbank15                                      bank15       000000
__Hbank16                                      bank16       000000
__Hbank17                                      bank17       000000
__Hbank18                                      bank18       000000
__Hbank19                                      bank19       000000
__Hbank20                                      bank20       000000
__Hbank5                                       bank5        000000
__Hbank6                                       bank6        000000
__Hbank7                                       bank7        000000
__Hbank8                                       bank8        000000
__Hbank9                                       bank9        000000
__Hbigbss                                      bigbss       000000
__Hbigdata                                     bigdata      000000
__Hbigram                                      bigram       000000
__Hbigsfr                                      bigsfr       000000
__Hbss                                         bss          000000
__HbssCOMRAM                                   bssCOMRAM    000000
__Hcinit                                       cinit        000000
__Hclrtext                                     clrtext      000000
__Hcomram                                      comram       000000
__Hconfig                                      config       30000B
__Hconst                                       const        000000
__HcstackCOMRAM                                cstackCOMRAM 000000
__Hdata                                        data         000000
__Heeprom_data                                 eeprom_data  000000
__Hfarbss                                      farbss       000000
__Hfardata                                     fardata      000000
__Hheap                                        heap         000000
__Hibigdata                                    ibigdata     000000
__Hidata                                       idata        000000
__Hidloc                                       idloc        000000
__Hifardata                                    ifardata     000000
__Hinit                                        init         010000
__Hintsave_regs                                intsave_regs 000000
__Hirdata                                      irdata       000000
__Hmediumconst                                 mediumconst  000000
__HnvFARRAM                                    nvFARRAM     000000
__Hnvbit                                       nvbit        000000
__Hnvrram                                      nvrram       000000
__Hparam                                       rparam       000000
__Hpowerup                                     powerup      000000
__Hram                                         ram          000000
__Hramtop                                      ramtop       001600
__Hrbit                                        rbit         000000
__Hrbss                                        rbss         000000
__Hrdata                                       rdata        000000
__Hreset_vec                                   reset_vec    000004
__Hrparam                                      rparam       000000
__Hsfr                                         sfr          000000
__Hsmallconst                                  smallconst   00160E
__Hspace_0                                     (abs)        010000
__Hspace_1                                     (abs)        00050F
__Hspace_2                                     (abs)        000000
__Hspace_4                                     (abs)        60000B
__Hstack                                       stack        000000
__Hstruct                                      struct       000000
__Htemp                                        temp         000000
__Htext                                        text         000000
__Htext0                                       text0        000000
__Htext1                                       text1        000000
__Htext10                                      text10       000000
__Htext11                                      text11       000000
__Htext12                                      text12       000000
__Htext13                                      text13       000000
__Htext14                                      text14       000000
__Htext15                                      text15       000000
__Htext16                                      text16       000000
__Htext17                                      text17       000000
__Htext2                                       text2        000000
__Htext3                                       text3        000000
__Htext4                                       text4        000000
__Htext5                                       text5        000000
__Htext6                                       text6        000000
__Htext7                                       text7        000000
__Htext8                                       text8        000000
__Htext9                                       text9        000000
__LRAM                                         (abs)        000001
__L__absolute__                                __absolute__ 000000
__Labs1                                        abs1         000000
__Lbank10                                      bank10       000000
__Lbank11                                      bank11       000000
__Lbank12                                      bank12       000000
__Lbank13                                      bank13       000000
__Lbank14                                      bank14       000000
__Lbank15                                      bank15       000000
__Lbank16                                      bank16       000000
__Lbank17                                      bank17       000000
__Lbank18                                      bank18       000000
__Lbank19                                      bank19       000000
__Lbank20                                      bank20       000000
__Lbank5                                       bank5        000000
__Lbank6                                       bank6        000000
__Lbank7                                       bank7        000000
__Lbank8                                       bank8        000000
__Lbank9                                       bank9        000000
__Lbigbss                                      bigbss       000000
__Lbigdata                                     bigdata      000000
__Lbigram                                      bigram       000000
__Lbigsfr                                      bigsfr       000000
__Lbss                                         bss          000000
__LbssCOMRAM                                   bssCOMRAM    000000
__Lcinit                                       cinit        000000
__Lclrtext                                     clrtext      000000
__Lcomram                                      comram       000000
__Lconfig                                      config       000000
__Lconst                                       const        000000
__LcstackCOMRAM                                cstackCOMRAM 000000
__Ldata                                        data         000000
__Leeprom_data                                 eeprom_data  000000
__Lfarbss                                      farbss       000000
__Lfardata                                     fardata      000000
__Lheap                                        heap         000000
__Libigdata                                    ibigdata     000000
__Lidata                                       idata        000000
__Lidloc                                       idloc        000000
__Lifardata                                    ifardata     000000
__Linit                                        init         00FFFC
__Lintsave_regs                                intsave_regs 000000
__Lirdata                                      irdata       000000
__Lmediumconst                                 mediumconst  000000
__LnvFARRAM                                    nvFARRAM     000000
__Lnvbit                                       nvbit        000000
__Lnvrram                                      nvrram       000000
__Lparam                                       rparam       000000
__Lpowerup                                     powerup      000000
__Lram                                         ram          000000
__Lramtop                                      ramtop       001600
__Lrbit                                        rbit         000000
__Lrbss                                        rbss         000000
__Lrdata                                       rdata        000000
__Lreset_vec                                   reset_vec    000000
__Lrparam                                      rparam       000000
__Lsfr                                         sfr          000000
__Lsmallconst                                  smallconst   001600
__Lspace_0                                     (abs)        000000
__Lspace_1                                     (abs)        000000
__Lspace_2                                     (abs)        000000
__Lspace_4                                     (abs)        000000
__Lstack                                       stack        000000
__Lstruct                                      struct       000000
__Ltemp                                        temp         000000
__Ltext                                        text         000000
__Ltext0                                       text0        000000
__Ltext1                                       text1        000000
__Ltext10                                      text10       000000
__Ltext11                                      text11       000000
__Ltext12                                      text12       000000
__Ltext13                                      text13       000000
__Ltext14                                      text14       000000
__Ltext15                                      text15       000000
__Ltext16                                      text16       000000
__Ltext17                                      text17       000000
__Ltext2                                       text2        000000
__Ltext3                                       text3        000000
__Ltext4                                       text4        000000
__Ltext5                                       text5        000000
__Ltext6                                       text6        000000
__Ltext7                                       text7        000000
__Ltext8                                       text8        000000
__Ltext9                                       text9        000000
__S0                                           (abs)        010000
__S1                                           (abs)        00050F
__S4                                           (abs)        000000
__S5                                           (abs)        000000
___heap_hi                                     (abs)        000000
___heap_lo                                     (abs)        000000
___inthi_sp                                    stack        000000
___intlo_sp                                    stack        000000
___param_bank                                  (abs)        000000
___rparam_used                                 (abs)        000001
___sp                                          stack        000000
__accesstop                                    (abs)        000560
__activetblptr                                 (abs)        000003
__end_of_CLC1_Initialize                       text16       001780
__end_of_CLC2_Initialize                       text15       00174C
__end_of_CLOCK_Initialize                      text14       0017F4
__end_of_CMP1_Initialize                       text12       001834
__end_of_CMP1_InterruptCallbackRegister        text13       00186C
__end_of_CMP2_Initialize                       text10       001814
__end_of_CMP2_InterruptCallbackRegister        text11       001850
__end_of_FVR_Initialize                        text9        0018BA
__end_of_INT0_SetInterruptHandler              text8        0018B2
__end_of_INT1_SetInterruptHandler              text7        0018A8
__end_of_INT2_SetInterruptHandler              text6        00189E
__end_of_INTERRUPT_Initialize                  text5        001718
__end_of_PIN_MANAGER_Initialize                text4        0016E4
__end_of_SYSTEM_Initialize                     text1        0017D2
__end_of_TMR2_Initialize                       text2        0017AC
__end_of_TMR2_OverflowCallbackRegister         text3        001894
__end_of_Timer2                                smallconst   00160D
__end_of__initialization                       cinit        001878
__end_of_main                                  text0        00188A
__initialization                               cinit        00186C
__mediumconst                                  mediumconst  000000
__pbssCOMRAM                                   bssCOMRAM    000501
__pcinit                                       cinit        00186C
__pcstackCOMRAM                                cstackCOMRAM 00050D
__psmallconst                                  smallconst   001600
__ptext0                                       text0        00187E
__ptext1                                       text1        0017AC
__ptext10                                      text10       0017F4
__ptext11                                      text11       001834
__ptext12                                      text12       001814
__ptext13                                      text13       001850
__ptext14                                      text14       0017D2
__ptext15                                      text15       001718
__ptext16                                      text16       00174C
__ptext17                                      text17       000000
__ptext2                                       text2        001780
__ptext3                                       text3        00188A
__ptext4                                       text4        00160E
__ptext5                                       text5        0016E4
__ptext6                                       text6        001894
__ptext7                                       text7        00189E
__ptext8                                       text8        0018A8
__ptext9                                       text9        0018B2
__ramtop                                       ramtop       001600
__smallconst                                   smallconst   001600
_main                                          text0        00187E
end_of_initialization                          cinit        001878
intlevel0                                      text         000000
intlevel1                                      text         000000
intlevel2                                      text         000000
intlevel3                                      text         000000
isa$std                                        (abs)        000001
isa$xinst                                      (abs)        000000
stackhi                                        (abs)        000000
stacklo                                        (abs)        000000
start                                          init         00FFFC
start_initialization                           cinit        00186C


MODULE INFORMATION

Module		Function		Class		Link	Load	Size
mcc_generated_files/system/src/interrupt.c
		_INT0_SetInterruptHandler		CODE           	18A8	0000	10
		_INT1_SetInterruptHandler		CODE           	189E	0000	10
		_INT2_SetInterruptHandler		CODE           	1894	0000	10
		_INTERRUPT_Initialize		CODE           	16E4	0000	52

mcc_generated_files/system/src/interrupt.c estimated size: 82

mcc_generated_files/comparator/src/cmp1.c
		_CMP1_Initialize		CODE           	1814	0000	32
		_CMP1_InterruptCallbackRegister		CODE           	1850	0000	28

mcc_generated_files/comparator/src/cmp1.c estimated size: 60

mcc_generated_files/clc/src/clc1.c
		_CLC1_Initialize		CODE           	174C	0000	52

mcc_generated_files/clc/src/clc1.c estimated size: 52

mcc_generated_files/system/src/pins.c
		_PIN_MANAGER_Initialize		CODE           	160E	0000	214

mcc_generated_files/system/src/pins.c estimated size: 214

shared
		_Timer2        		SMALLCONST     	1601	0000	12
		__initialization		CODE           	186C	0000	12

shared estimated size: 24

mcc_generated_files/timer/src/tmr2.c
		_TMR2_Initialize		CODE           	1780	0000	44
		_TMR2_OverflowCallbackRegister		CODE           	188A	0000	10

mcc_generated_files/timer/src/tmr2.c estimated size: 54

mcc_generated_files/system/src/clock.c
		_CLOCK_Initialize		CODE           	17D2	0000	34

mcc_generated_files/system/src/clock.c estimated size: 34

mcc_generated_files/comparator/src/cmp2.c
		_CMP2_Initialize		CODE           	17F4	0000	32
		_CMP2_InterruptCallbackRegister		CODE           	1834	0000	28

mcc_generated_files/comparator/src/cmp2.c estimated size: 60

main.c
		_main          		CODE           	187E	0000	12

main.c estimated size: 12

mcc_generated_files/fvr/src/fvr.c
		_FVR_Initialize		CODE           	18B2	0000	8

mcc_generated_files/fvr/src/fvr.c estimated size: 8

mcc_generated_files/system/src/system.c
		_SYSTEM_Initialize		CODE           	17AC	0000	38

mcc_generated_files/system/src/system.c estimated size: 38

mcc_generated_files/clc/src/clc2.c
		_CLC2_Initialize		CODE           	1718	0000	52

mcc_generated_files/clc/src/clc2.c estimated size: 52



MODULE INFORMATION

Module		Function		Class		Link	Load	Size
mcc_generated_files/system/src/interrupt.c
		_INT0_SetInterruptHandler		CODE           	18A8	0000	10
		_INT1_SetInterruptHandler		CODE           	189E	0000	10
		_INT2_SetInterruptHandler		CODE           	1894	0000	10
		_INTERRUPT_Initialize		CODE           	16E4	0000	52

mcc_generated_files/system/src/interrupt.c estimated size: 82

mcc_generated_files/comparator/src/cmp1.c
		_CMP1_Initialize		CODE           	1814	0000	32
		_CMP1_InterruptCallbackRegister		CODE           	1850	0000	28

mcc_generated_files/comparator/src/cmp1.c estimated size: 60

mcc_generated_files/clc/src/clc1.c
		_CLC1_Initialize		CODE           	174C	0000	52

mcc_generated_files/clc/src/clc1.c estimated size: 52

mcc_generated_files/system/src/pins.c
		_PIN_MANAGER_Initialize		CODE           	160E	0000	214

mcc_generated_files/system/src/pins.c estimated size: 214

shared
		_Timer2        		SMALLCONST     	1601	0000	12
		__initialization		CODE           	186C	0000	12

shared estimated size: 24

mcc_generated_files/timer/src/tmr2.c
		_TMR2_Initialize		CODE           	1780	0000	44
		_TMR2_OverflowCallbackRegister		CODE           	188A	0000	10

mcc_generated_files/timer/src/tmr2.c estimated size: 54

mcc_generated_files/system/src/clock.c
		_CLOCK_Initialize		CODE           	17D2	0000	34

mcc_generated_files/system/src/clock.c estimated size: 34

mcc_generated_files/comparator/src/cmp2.c
		_CMP2_Initialize		CODE           	17F4	0000	32
		_CMP2_InterruptCallbackRegister		CODE           	1834	0000	28

mcc_generated_files/comparator/src/cmp2.c estimated size: 60

main.c
		_main          		CODE           	187E	0000	12

main.c estimated size: 12

mcc_generated_files/fvr/src/fvr.c
		_FVR_Initialize		CODE           	18B2	0000	8

mcc_generated_files/fvr/src/fvr.c estimated size: 8

mcc_generated_files/system/src/system.c
		_SYSTEM_Initialize		CODE           	17AC	0000	38

mcc_generated_files/system/src/system.c estimated size: 38

mcc_generated_files/clc/src/clc2.c
		_CLC2_Initialize		CODE           	1718	0000	52

mcc_generated_files/clc/src/clc2.c estimated size: 52

